<html>
<body>
<pre>
<h1>µVision Build Log</h1>
<h2>Tool Versions:</h2>
IDE-Version: ¦ÌVision V5.22.0.0
Copyright (C) 2016 ARM Ltd and ARM Germany GmbH. All rights reserved.
License Information: 111 Administrator, Administrator, LIC=9WSKC-78K4F-CX7U6-DPN1N-IGF9V-CW71K
 
Tool Versions:
Toolchain:       MDK-ARM Plus  Version: 5.22
Toolchain Path:  D:\keil_uvision5_kit\keil5_5.22.0.0\ARM\ARMCC\Bin
C Compiler:      Armcc.exe V5.06 update 4 (build 422)
Assembler:       Armasm.exe V5.06 update 4 (build 422)
Linker/Locator:  ArmLink.exe V5.06 update 4 (build 422)
Library Manager: ArmAr.exe V5.06 update 4 (build 422)
Hex Converter:   FromElf.exe V5.06 update 4 (build 422)
CPU DLL:         SARMCM3.DLL V5.22
Dialog DLL:      DCM.DLL V1.13.9.0
Target DLL:      STLink\ST-LINKIII-KEIL_SWO.dll V2.0.18.0
Dialog DLL:      TCM.DLL V1.21.0.0
 
<h2>Project:</h2>
D:\A_Programming\Colias\A_MODLE\EXPERIMENT\o1_o2_ERplot\2024_07_05_oLGMD1\CoSLGMDs\MDK-ARM\ColiasSenseV4-5.uvprojx
Project File Date:  10/24/2023

<h2>Output:</h2>
*** Using Compiler 'V5.06 update 4 (build 422)', folder: 'D:\keil_uvision5_kit\keil5_5.22.0.0\ARM\ARMCC\Bin'
Build target 'ColiasSenseV4-CHENGS5-SSD'
compiling coliasSense_LGMD.c...
..\SenseBoard\Models\Src\coliasSense_LGMD.c(6): warning:  #9-D: nested comment is not allowed
  *   /********** / : highlights changes in this "FFI_ON_OFF" version versus normal "ON_OFF" version.
..\SenseBoard\Models\Src\coliasSense_LGMD.c(443): warning:  #9-D: nested comment is not allowed
  			//*(I_Layer_Pixel+j) =  diagonal + adjacent + 0 ; // self_wweight = 0
..\SenseBoard\Models\Src\coliasSense_LGMD.c: 2 warnings, 0 errors
linking...
Program Size: Code=45796 RO-data=4760 RW-data=272 ZI-data=102456  
FromELF: creating hex file...
".\OutputJob\ColiasSenseV4.axf" - 0 Error(s), 2 Warning(s).

<h2>Software Packages used:</h2>

Package Vendor: ARM
                http://www.keil.com/pack/ARM.CMSIS.5.0.0.pack
                ARM::CMSIS:DSP:1.4.6
                CMSIS (Cortex Microcontroller Software Interface Standard)
   * Component: DSP Version: 1.4.6
   * Component: CORE Version: 5.0.0

Package Vendor: Keil
                http://www.keil.com/pack/Keil.STM32F4xx_DFP.2.10.0.pack
                Keil::Device:Startup:2.5.0
                STMicroelectronics STM32F4 Series Device Support, Drivers and Examples
   * Component: Startup Version: 2.5.0
   * Component: STM32Cube Framework Version: 1.0.0
   * Component: Common Version: 1.5.0
   * Component: Classic Version: 1.5.0
   * Component: GPIO Version: 1.5.0
   * Component: I2S Version: 1.5.0
   * Component: PWR Version: 1.5.0
   * Component: Cortex Version: 1.5.0
   * Component: DCMI Version: 1.5.0
   * Component: DMA Version: 1.5.0
   * Component: RCC Version: 1.5.0
   * Component: SPI Version: 1.5.0
   * Component: RNG Version: 1.5.0
   * Component: UART Version: 1.5.0
   * Component: TIM Version: 1.5.0
   * Component: USART Version: 1.5.0

<h2>Collection of Component include folders:</h2>
  D:\A_Programming\Colias\A_MODLE\EXPERIMENT\o1_o2_ERplot\2024_07_05_oLGMD1\CoSLGMDs\MDK-ARM\RTE\Device\STM32F427VI
  D:\A_Programming\Colias\A_MODLE\EXPERIMENT\o1_o2_ERplot\2024_07_05_oLGMD1\CoSLGMDs\MDK-ARM\RTE\_ColiasSenseV4-CHENGS5-SSD
  D:\keil_uvision5_kit\keil5_5.22.0.0\ARM\PACK\ARM\CMSIS\5.0.0\CMSIS\Include
  D:\keil_uvision5_kit\keil5_5.22.0.0\ARM\PACK\Keil\STM32F4xx_DFP\2.10.0\Drivers\CMSIS\Device\ST\STM32F4xx\Include
  D:\keil_uvision5_kit\keil5_5.22.0.0\ARM\PACK\Keil\STM32F4xx_DFP\2.10.0\Drivers\STM32F4xx_HAL_Driver\Inc

<h2>Collection of Component Files used:</h2>

   * Component: ARM::CMSIS:DSP:1.4.6
      Include file:  CMSIS\Include\arm_math.h
      Library file:  CMSIS\Lib\ARM\arm_cortexM4lf_math.lib

   * Component: ARM::CMSIS:CORE:5.0.0

   * Component: Keil::Device:Startup:2.5.0
      Include file:  Drivers\CMSIS\Device\ST\STM32F4xx\Include\stm32f4xx.h
      Source file:   Drivers\CMSIS\Device\ST\STM32F4xx\Source\Templates\arm\startup_stm32f427xx.s
      Source file:   MDK\Device\Source\ARM\STM32F42xxx_43xxx_OPT.s
      Source file:   MDK\Device\Source\ARM\STM32F4xx_OTP.s
      Source file:   Drivers\CMSIS\Device\ST\STM32F4xx\Source\Templates\system_stm32f4xx.c

   * Component: ::Device:STM32Cube Framework:1.0.0 (API)

   * Component: Keil::Device:STM32Cube HAL:Common:1.5.0
      Source file:   Drivers\STM32F4xx_HAL_Driver\Src\stm32f4xx_hal.c
      Include file:  Drivers\STM32F4xx_HAL_Driver\Inc\stm32f4xx_hal.h

   * Component: Keil::Device:STM32Cube Framework:Classic:1.5.0
      Source file:   MDK\Templates\Src\main.c
      Source file:   MDK\Templates\Src\stm32f4xx_it.c
      Include file:  MDK\Templates\Inc\main.h
      Source file:   MDK\Templates\Src\stm32f4xx_hal_msp.c
      Include file:  CMSIS\Driver\Config\RTE_Device.h
      Include file:  MDK\Templates\Inc\stm32f4xx_hal_conf.h
      Include file:  MDK\Templates\Inc\stm32f4xx_it.h

   * Component: Keil::Device:STM32Cube HAL:GPIO:1.5.0
      Source file:   Drivers\STM32F4xx_HAL_Driver\Src\stm32f4xx_hal_gpio.c

   * Component: Keil::Device:STM32Cube HAL:I2S:1.5.0
      Source file:   Drivers\STM32F4xx_HAL_Driver\Src\stm32f4xx_hal_i2s.c
      Source file:   Drivers\STM32F4xx_HAL_Driver\Src\stm32f4xx_hal_i2s_ex.c

   * Component: Keil::Device:STM32Cube HAL:PWR:1.5.0
      Source file:   Drivers\STM32F4xx_HAL_Driver\Src\stm32f4xx_hal_pwr_ex.c
      Source file:   Drivers\STM32F4xx_HAL_Driver\Src\stm32f4xx_hal_pwr.c

   * Component: Keil::Device:STM32Cube HAL:Cortex:1.5.0
      Source file:   Drivers\STM32F4xx_HAL_Driver\Src\stm32f4xx_hal_cortex.c

   * Component: Keil::Device:STM32Cube HAL:DCMI:1.5.0
      Source file:   Drivers\STM32F4xx_HAL_Driver\Src\stm32f4xx_hal_dcmi.c
      Source file:   Drivers\STM32F4xx_HAL_Driver\Src\stm32f4xx_hal_dcmi_ex.c

   * Component: Keil::Device:STM32Cube HAL:DMA:1.5.0
      Source file:   Drivers\STM32F4xx_HAL_Driver\Src\stm32f4xx_hal_dma.c
      Source file:   Drivers\STM32F4xx_HAL_Driver\Src\stm32f4xx_hal_dma_ex.c

   * Component: Keil::Device:STM32Cube HAL:RCC:1.5.0
      Source file:   Drivers\STM32F4xx_HAL_Driver\Src\stm32f4xx_hal_rcc_ex.c
      Source file:   Drivers\STM32F4xx_HAL_Driver\Src\stm32f4xx_hal_rcc.c

   * Component: Keil::Device:STM32Cube HAL:SPI:1.5.0
      Source file:   Drivers\STM32F4xx_HAL_Driver\Src\stm32f4xx_hal_spi.c

   * Component: Keil::Device:STM32Cube HAL:RNG:1.5.0
      Source file:   Drivers\STM32F4xx_HAL_Driver\Src\stm32f4xx_hal_rng.c

   * Component: Keil::Device:STM32Cube HAL:UART:1.5.0
      Source file:   Drivers\STM32F4xx_HAL_Driver\Src\stm32f4xx_hal_uart.c

   * Component: Keil::Device:STM32Cube HAL:TIM:1.5.0
      Source file:   Drivers\STM32F4xx_HAL_Driver\Src\stm32f4xx_hal_tim.c
      Source file:   Drivers\STM32F4xx_HAL_Driver\Src\stm32f4xx_hal_tim_ex.c

   * Component: Keil::Device:STM32Cube HAL:USART:1.5.0
      Source file:   Drivers\STM32F4xx_HAL_Driver\Src\stm32f4xx_hal_usart.c
Build Time Elapsed:  00:00:01
</pre>
</body>
</html>
